=== 1. Rule EF-3 Probe Compilation & Execution ===
$ ./zcc tests/probe_inline_asm.c -o /tmp/probe_asm.s
zcc: warning: using synthesized header stub for stdio.h
pp_process_include: stdio.h added 178 macros, total is 215
[Phase 1] Lexical Array Bootstrap... OK
[Phase 2] AST Topological Generation... OK
[Phase 3] Native AST Constant Folding... OK
[Phase 4] SystemV ABI X86-64 Codegen... OK
[Phase 5] Native C Peephole Optimization... OK (58 elided)
[OK] ZCC Engine Compilation Terminated Successfully.

$ gcc /tmp/probe_asm.s -o /tmp/probe_asm && /tmp/probe_asm
PROBE_ASM PASS: all extended inline asm tests succeeded!

=== 2. Gate 1 Self-Host Identity Verification ===
$ make selfhost
═══ [GATE 1] SELF-HOST IDENTITY VERIFICATION ═══
  ✓ Gate 1 PASS: Assembly byte-identical (cmp stage2.s stage3.s).
[Semantic Oracle] Cross-verifying against GCC & Golden Oracle... [PASS: Byte-Identical]
[ABI Oracle] Bidirectional Interop (MV1.2, MV1.3a & MV1.3b)... [PASS: Triple-Corpus Bidirectional]
★ ZKAEDI PRIME FIXED POINT REPO - H0 CONVERGED - exit 0 (scars: 0, ⟐ BYTE-IDENTICAL SEAL ⟐) ★

$ cmp zcc2.s zcc3.s && echo 'CMP SUCCESS: byte-identical'
CMP SUCCESS: byte-identical

$ md5sum zcc2.s zcc3.s
f8b2902317c628286db2fa224ae9f009  zcc2.s
f8b2902317c628286db2fa224ae9f009  zcc3.s

=== 3. Gate 2 Multi-Suite Production Optimization Pass Gauntlet ===
$ python3 tools/test_zcc_opt_passes.py
==============================================================================
  ZCC MULTI-SUITE PRODUCTION OPTIMIZATION PASS GAUNTLET
  Testing: GVN Store-to-Load, Constant Fold, DCE & Symbolic CFG
==============================================================================
Target Test Suite          Baseline   Optimized  Reduction    Verdict
------------------------------------------------------------------------------
test_abi                   402        389        -13 (3.2%)   [PASS]
test_asm_real              39         39         -0 (0.0%)    [PASS]
test_vla                   271        264        -7 (2.6%)    [PASS]
exp1_raytracer             5594       5421       -173 (3.1%)  [PASS]
exp2_voxel                 5368       5223       -145 (2.7%)  [PASS]
exp3_audio                 6239       6098       -141 (2.3%)  [PASS]
exp4_vr_stereo             5479       5351       -128 (2.3%)  [PASS]
exp5_physics               40006      39135      -871 (2.2%)  [PASS]
t_rigging_regressions      2087       2027       -60 (2.9%)   [PASS]
diff_read_escape           2354       2289       -65 (2.8%)   [PASS]
diff_parse_initializer_list 9025       8870       -155 (1.7%)  [PASS]
diff_HUlib_drawTextLine    2632       2565       -67 (2.5%)   [PASS]
diff_R_DrawColumn          2917       2845       -72 (2.5%)   [PASS]
diff_my_sha256_final       1632       1598       -34 (2.1%)   [PASS]
diff_PIT_CheckThing        796        772        -24 (3.0%)   [PASS]
diff_cf_socket_open        803        786        -17 (2.1%)   [PASS]
diff_addsfx                1558       1512       -46 (3.0%)   [PASS]
diff_P_SpawnMapThing       1140       1113       -27 (2.4%)   [PASS]
diff_cr_eob_read           1180       1158       -22 (1.9%)   [PASS]
------------------------------------------------------------------------------
GAUNTLET SUMMARY:
  * Suites Evaluated:          19
  * Bit-Exact Passes:          19/19
  * Semantic Divergences:      0
  * Total Assembly (Baseline): 89,522 lines
  * Total Assembly (Optimized):87,455 lines
  * Net Instructions Elided:   2,067 lines (2.31% net reduction)
==============================================================================
★ ALL 19 TEST SUITES BIT-EXACT & VERIFIED (EXIT 0) ★

=== 4. Gate 4 QuickJS Target Harness ===
$ /tmp/test_quickjs_runner
===============================================================
  ZCC NATIVE QUICKJS ES2020 TEST HARNESS
===============================================================

--- Test Suite 1: Arithmetic & IEEE-754 Floats ---
  [PASS] 1 + 2 * 3 == 7
  [PASS] Math.hypot(3, 4) == 5
  [PASS] Math.sin(0) == 0
  [PASS] Math.PI > 3.14 && Math.PI < 3.15 == true
  [PASS] Number.MAX_SAFE_INTEGER.toString() == 9007199254740991

--- Test Suite 2: Objects, Arrays & JSON ---
  [PASS] JSON.stringify({ a: 42, b: 'hello' }) == {"a":42,"b":"hello"}
  [PASS] [1, 2, 3, 4, 5].map(x => x * x).reduce((a, b) => a + b, 0) == 55
  [PASS] ['apple', 'banana', 'cherry'].join('-') == apple-banana-cherry

--- Test Suite 3: Closures, Loops & Functions ---
  [PASS] (() => { let s = 0; for (let i = 1; i <= 10; i++) s += i; return s; })() == 55
  [PASS] function fib(n) { return n <= 1 ? n : fib(n-1) + fib(n-2); }; fib(10) == 55

--- Test Suite 4: RegExp & Strings ---
  [PASS] 'quickjs-2024'.replace(/([a-z]+)-([0-9]+)/, '$2-$1') == 2024-quickjs
  [PASS] /^[a-z0-9_]+$/i.test('zcc_2026') == true

--- Test Suite 5: ES6 Classes & Prototypes ---
  [PASS] class Point { constructor(x, y) { this.x = x; this.y = y; } norm2() { return this.x*this.x + this.y*this.y; } }; new Point(3, 4).norm2() == 25

--- Test Suite 6: Date & BigInt ---
  [PASS] new Date(0).toISOString() == 1970-01-01T00:00:00.000Z
  [PASS] (2n ** 64n).toString() == 18446744073709551616

===============================================================
  ALL QUICKJS TESTS PASSED CLEANLY! (Failures: 0)
===============================================================
