=== PROBE BEFORE PATCH ===
$ ./zcc -target wasm tests/probe_wasm.c -o /tmp/probe.wasm
[Phase 1] Lexical Array Bootstrap... OK
[Phase 2] AST Topological Generation... OK
[Phase 3] Native AST Constant Folding... OK
[Phase 4] SystemV ABI X86-64 Codegen... OK
[Phase 5] Native C Peephole Optimization... OK (2 elided)
[OK] ZCC Engine Compilation Terminated Successfully.
codegen: PASS 1 DONE, text_seg.size=140, data_seg.size=48, labels=10, relocs=6

$ node tests/run_wasm.js /tmp/probe.wasm
[WASM ERROR] [CompileError: WebAssembly.instantiate(): expected magic word 00 61 73 6d, found 7f 45 4c 46 @+0]

=== PROBE AFTER PATCH ===
$ ./zcc -target wasm tests/probe_wasm.c -o /tmp/probe.wasm
[Phase 1] Lexical Array Bootstrap... OK
[Phase 2] AST Topological Generation... OK
[OK] WebAssembly module emitted to /tmp/probe.wasm

$ xxd -l 16 /tmp/probe.wasm
00000000: 0061 736d 0100 0000 010b 0260 027f 7f01  .asm...........

$ node tests/run_wasm.js /tmp/probe.wasm
[WASM RUNNER] Module loaded successfully.
[WASM RUNNER] add(40, 2) = 42
[WASM RUNNER] main() = 42

=== CLI FLAG ALIASES ===
$ ./zcc -wasm tests/probe_wasm.c -o /tmp/probe_dash.wasm && node tests/run_wasm.js /tmp/probe_dash.wasm
[Phase 1] Lexical Array Bootstrap... OK
[Phase 2] AST Topological Generation... OK
[OK] WebAssembly module emitted to /tmp/probe_dash.wasm
[WASM RUNNER] Module loaded successfully.
[WASM RUNNER] add(40, 2) = 42
[WASM RUNNER] main() = 42

$ ./zcc --target wasm tests/probe_wasm.c -o /tmp/probe_target.wasm && node tests/run_wasm.js /tmp/probe_target.wasm
[Phase 1] Lexical Array Bootstrap... OK
[Phase 2] AST Topological Generation... OK
[OK] WebAssembly module emitted to /tmp/probe_target.wasm
[WASM RUNNER] Module loaded successfully.
[WASM RUNNER] add(40, 2) = 42
[WASM RUNNER] main() = 42

$ ./zcc --target=wasm tests/probe_wasm.c -o /tmp/probe_eq.wasm && node tests/run_wasm.js /tmp/probe_eq.wasm
[Phase 1] Lexical Array Bootstrap... OK
[Phase 2] AST Topological Generation... OK
[OK] WebAssembly module emitted to /tmp/probe_eq.wasm
[WASM RUNNER] Module loaded successfully.
[WASM RUNNER] add(40, 2) = 42
[WASM RUNNER] main() = 42

=== GATE 1: SELF-HOST BYTE-IDENTICAL ===
$ make selfhost
★ ZKAEDI PRIME FIXED POINT REPO - H0 CONVERGED - exit 0 (scars: 0, ⟐ BYTE-IDENTICAL SEAL ⟐) ★
✓ Gate 1 PASS: Assembly byte-identical (cmp stage2.s stage3.s).

$ cmp zcc2.s zcc3.s
CMP_IDENTICAL_EXIT_0

=== GATE 2: OPTIMIZATION PASS GAUNTLET ===
$ python3 tools/test_zcc_opt_passes.py
==============================================================================
  ZCC MULTI-SUITE PRODUCTION OPTIMIZATION PASS GAUNTLET
  Testing: GVN Store-to-Load, Constant Fold, DCE & Symbolic CFG
==============================================================================
Target Test Suite          Baseline   Optimized  Reduction    Verdict
------------------------------------------------------------------------------
test_abi                   402        389        -13 (3.2%)   [PASS]
test_asm_real              39         39         -0 (0.0%)    [PASS]
test_vla                   271        264        -7 (2.6%)    [PASS]
exp1_raytracer             5594       5421       -173 (3.1%)  [PASS]
exp2_voxel                 5368       5223       -145 (2.7%)  [PASS]
exp3_audio                 6239       6098       -141 (2.3%)  [PASS]
exp4_vr_stereo             5479       5351       -128 (2.3%)  [PASS]
exp5_physics               40006      39135      -871 (2.2%)  [PASS]
t_rigging_regressions      2087       2027       -60 (2.9%)   [PASS]
diff_read_escape           2354       2289       -65 (2.8%)   [PASS]
diff_parse_initializer_list 9025       8870       -155 (1.7%)  [PASS]
diff_HUlib_drawTextLine    2632       2565       -67 (2.5%)   [PASS]
diff_R_DrawColumn          2917       2845       -72 (2.5%)   [PASS]
diff_my_sha256_final       1632       1598       -34 (2.1%)   [PASS]
diff_PIT_CheckThing        796        772        -24 (3.0%)   [PASS]
diff_cf_socket_open        803        786        -17 (2.1%)   [PASS]
diff_addsfx                1558       1512       -46 (3.0%)   [PASS]
diff_P_SpawnMapThing       1140       1113       -27 (2.4%)   [PASS]
diff_cr_eob_read           1180       1158       -22 (1.9%)   [PASS]
------------------------------------------------------------------------------
GAUNTLET SUMMARY:
  * Suites Evaluated:          19
  * Bit-Exact Passes:          19/19
  * Semantic Divergences:      0
  * Total Assembly (Baseline): 89,522 lines
  * Total Assembly (Optimized):87,455 lines
  * Net Instructions Elided:   2,067 lines (2.31% net reduction)
==============================================================================
★ ALL 19 TEST SUITES BIT-EXACT & VERIFIED (EXIT 0) ★

=== GATE 4: WASM GAUNTLET ===
$ python3 tests/test_wasm_emitter.py
Ran 2 tests in 0.645s - OK

$ python3 tests/test_wasm_float.py
Ran 20 tests in 3.248s - OK

$ python3 tests/test_wasm_memory.py
Ran 13 tests in 1.749s - OK

$ python3 tests/test_wasm_wasi.py
Ran 12 tests in 1.585s - OK

$ python3 tests/test_wasm_advanced.py
Ran 10 tests in 1.372s - OK
