==============================================================================
  ZCC MULTI-SUITE PRODUCTION OPTIMIZATION PASS GAUNTLET (13 SUITES)
  Testing: GVN Store-to-Load, Constant Fold, DCE & Symbolic CFG
==============================================================================
Target Test Suite          Baseline   Optimized  Reduction    Verdict
------------------------------------------------------------------------------
test_abi                   402        389        -13 (3.2%)   [PASS]
test_asm_real              39         39         -0 (0.0%)    [PASS]
test_vla                   271        264        -7 (2.6%)    [PASS]
exp1_raytracer             5594       5421       -173 (3.1%)  [PASS]
exp2_voxel                 5368       5223       -145 (2.7%)  [PASS]
exp3_audio                 6239       6098       -141 (2.3%)  [PASS]
exp4_vr_stereo             5479       5351       -128 (2.3%)  [PASS]
exp5_physics               40006      39135      -871 (2.2%)  [PASS]
t_rigging_regressions      2087       2027       -60 (2.9%)   [PASS]
diff_read_escape           2354       2289       -65 (2.8%)   [PASS]
diff_parse_initializer_list 9025       8870       -155 (1.7%)  [PASS]
diff_HUlib_drawTextLine    2632       2565       -67 (2.5%)   [PASS]
diff_R_DrawColumn          2917       2845       -72 (2.5%)   [PASS]
------------------------------------------------------------------------------
GAUNTLET SUMMARY:
  * Suites Evaluated:          13
  * Bit-Exact Passes:          13/13
  * Semantic Divergences:      0
  * Total Assembly (Baseline): 82,413 lines
  * Total Assembly (Optimized):80,516 lines
  * Net Instructions Elided:   1,897 lines (2.30% net reduction)
==============================================================================
★ ALL 13 TEST SUITES BIT-EXACT & VERIFIED (EXIT 0) ★

==================================================================================
 🔱 ZKAEDI CORPUS-WIDE QUANTUM AUTO-JIT ELISION SWEEP (9 SUBSYSTEMS) 🔱
 Target: Continuous-Time Quantum Walk + Metamorphic Pass Synthesis + ZCC Parity
==================================================================================
 Function               | Subsystem            | Agent Target         | Elision     | Oracle
 -----------------------------------------------------------------------------------------
 read_escape            | Compiler Codegen     | QuantumOptimizationA | -65 (2.8%)  | PASS
 parse_initializer_list | Compiler Frontend    | QuantumOptimizationA | -155 (1.7%) | PASS
 HUlib_drawTextLine     | Game Engine Logic    | QuantumOptimizationA | -67 (2.5%)  | PASS
 test_abi               | Compiler Internals   | QuantumOptimizationA | -13 (3.2%)  | PASS
 test_vla               | Compiler Internals   | QuantumOptimizationA | -7 (2.6%)   | PASS
 test_asm_real          | Compiler Codegen     | QuantumOptimizationA | -0 (0.0%)   | PASS
 t_rigging_regressions  | Runtime Core         | QuantumOptimizationA | -60 (2.9%)  | PASS
 hardened_simd_12       | SIMD & Vectorization | QuantumOptimizationA | -115 (2.9%) | PASS
 R_DrawColumn           | Game Engine Logic    | QuantumOptimizationA | -72 (2.5%)  | PASS
 -----------------------------------------------------------------------------------------
  Total Functions Audited      : 9
  Cross-Toolchain Oracle Parity: 100% BIT-EXACT (0 MISMATCHES)
  Total Assembly Baseline      : 23,666 lines
  Total Assembly Superopt      : 23,112 lines
  Net Instructions Elided      : 554 lines (2.34% net reduction)
  Total Sweep Latency          : 94.66s (10.52 s/function)
  Sealed Merkle Attestation    : e5264a64defba4e638cb9d7c7357a8dbda870065d2ce9af65a2fb95ab5433d2e
==================================================================================
