=== Probe Verification (tests/probe_ret2.c) ===
[Default Mode]
PROBE_RET2 PASS: p.a=123456789, p.b=987654321

[ZCC_IR_LOWER=1 Mode]
[OPT-AUDIT-PASS] fn=make_pair blocks=1->1 instrs=16->8 allocas=3->3
[ALLOCA] dst=10 off=-8 size=8
[ALLOCA] dst=11 off=-16 size=8
[ALLOCA] dst=14 off=-592 size=16
[ZCC-IR] fn=make_pair  emitted from IR (PGO layout) 2 blocks
[IR-Opts] Folded: 0 | S-Reduce: 0 | Copy-Prop: 0 | Peephole: 3 | Copy-Prop2: 3
[AMF]       address modes folded: 4
[DCE]  eliminated=  16  (16 pre-LICM + 0 post)
[EscapeAna] allocations promoted to stack: 2  (of 3 total)
[Mem2Reg]   single-block allocas promoted: 2
[DCE->SSA]  instructions removed (after mem2reg): 0  blocks removed: 3
[DomTree] fn=main  BB0->idom=BB0  BB2->idom=BB0  BB3->idom=BB0  BB4->idom=BB0  BB5->idom=BB4  BB6->idom=BB4
[LoopStruct] fn=main  headers=0  max_depth=0
[GVN]       redundant operations eliminated: 1
[PGO-BBR]   blocks in emission order: 6
[OPT-AUDIT-PASS] fn=main blocks=6->6 instrs=55->32 allocas=5->1
[ALLOCA] dst=22 off=-904 size=16
[ZCC-IR] fn=main  emitted from IR (PGO layout) 7 blocks
[Phase 1] Lexical Array Bootstrap... OK
[Phase 2] AST Topological Generation... OK
[Phase 3] Native AST Constant Folding... OK
[Phase 4] SystemV ABI X86-64 Codegen... OK
[Phase 5] Native C Peephole Optimization... OK (2 elided)
[OK] ZCC Engine Compilation Terminated Successfully.
PROBE_RET2 PASS: p.a=123456789, p.b=987654321

[--ir Mode]
  [IR Pass] ssa               : 4 funcs, 0 nodes -> 0 nodes (0 deleted, 0 modified)
  [IR Pass] taint_propagate   : 4 funcs, 69 nodes -> 69 nodes (0 deleted, 0 modified)
  [IR Pass] auto_healer       : 4 funcs, 69 nodes -> 69 nodes (0 deleted, 0 modified)
  [IR Pass] dce               : 4 funcs, 69 nodes -> 58 nodes (11 deleted, 0 modified)
  [IR Pass] gvn               : 4 funcs, 58 nodes -> 58 nodes (0 deleted, 0 modified)
  [IR Pass] copy_const_prop   : 4 funcs, 58 nodes -> 58 nodes (0 deleted, 0 modified)
  [IR Pass] coalesce_vload    : 4 funcs, 58 nodes -> 58 nodes (0 deleted, 0 modified)
  [IR Pass] lower_float       : 4 funcs, 58 nodes -> 58 nodes (0 deleted, 0 modified)
  [IR Pass] warden            : 4 funcs, 58 nodes -> 58 nodes (0 deleted, 0 modified)
  [IR Pass] dce2              : 4 funcs, 58 nodes -> 58 nodes (0 deleted, 0 modified)
  [IR Pass] transient_lock_audit: 4 funcs, 58 nodes -> 58 nodes (0 deleted, 0 modified)
  [IR Pass] Pipeline complete: 69 nodes -> 58 nodes (total: 11 deleted, 5 modified)
[Phase 1] Lexical Array Bootstrap... OK
[Phase 2] AST Topological Generation... OK
[Phase 3] Native AST Constant Folding... OK
[Phase 4] SystemV ABI X86-64 Codegen... OK
[Phase IR] IR Pass Manager...
[Phase 5] Native C Peephole Optimization... OK (2 elided)
[OK] ZCC Engine Compilation Terminated Successfully.
PROBE_RET2 PASS: p.a=123456789, p.b=987654321

=== Gate 1: Self-Host Identity (bash gate.sh && cmp zcc2.s zcc3.s) ===
================================================================================
   🚀 ZCC SUPERCHARGED DETERMINISM & ABI VERIFICATION GATE (v3.3 OMEGA / MV1.3b)
================================================================================
Run ID: zcc-omega-1789993172-74789

═══ EXECUTING DETERMINISTIC SELF-HOST PIPELINE ═══
  [Stage 2/3] Compiling /home/zkaedi/zcc_ext4_test/zcc.c via /home/zkaedi/zcc_ext4_test/zcc... [PASS] (SHA: 1d0710122ed47301...)
  [Stage 3/3] Compiling /home/zkaedi/zcc_ext4_test/zcc.c via /home/zkaedi/zcc_ext4_test/evidence/zcc-omega-1789993172-74789/stage2.bin... [PASS] (SHA: 1d0710122ed47301...)

═══ [GATE 1] SELF-HOST IDENTITY VERIFICATION ═══
  ✓ Gate 1 PASS: Assembly byte-identical (cmp stage2.s stage3.s).
  [Semantic Oracle] Cross-verifying against GCC & Golden Oracle... [PASS: Byte-Identical Semantic Parity]
  [Cross-TU ABI Oracle] Bidirectional Interop (MV1.2, MV1.3a & MV1.3b)... [PASS: Triple-Corpus Bidirectional Parity]
Lineage check: PASS

================================================================================
   ✨ SELFHOST-MV1.3b PASS
   Bootstrap fixed-point, semantic-canary, and full SystemV ABI constraints satisfied.
================================================================================
CMP SUCCESS: byte-identical

=== Gate 2: Multi-Suite Production Optimization Pass Gauntlet ===
==============================================================================
  ZCC MULTI-SUITE PRODUCTION OPTIMIZATION PASS GAUNTLET
  Testing: GVN Store-to-Load, Constant Fold, DCE & Symbolic CFG
==============================================================================
Target Test Suite          Baseline   Optimized  Reduction    Verdict
------------------------------------------------------------------------------
test_abi                   402        389        -13 (3.2%)   [PASS]
test_asm_real              39         39         -0 (0.0%)    [PASS]
test_vla                   271        264        -7 (2.6%)    [PASS]
exp1_raytracer             5594       5421       -173 (3.1%)  [PASS]
exp2_voxel                 5368       5223       -145 (2.7%)  [PASS]
exp3_audio                 6239       6098       -141 (2.3%)  [PASS]
exp4_vr_stereo             5479       5351       -128 (2.3%)  [PASS]
exp5_physics               40006      39135      -871 (2.2%)  [PASS]
t_rigging_regressions      2087       2027       -60 (2.9%)   [PASS]
diff_read_escape           2354       2289       -65 (2.8%)   [PASS]
diff_parse_initializer_list 9025       8870       -155 (1.7%)  [PASS]
diff_HUlib_drawTextLine    2632       2565       -67 (2.5%)   [PASS]
diff_R_DrawColumn          2917       2845       -72 (2.5%)   [PASS]
diff_my_sha256_final       1632       1598       -34 (2.1%)   [PASS]
diff_PIT_CheckThing        796        772        -24 (3.0%)   [PASS]
diff_cf_socket_open        803        786        -17 (2.1%)   [PASS]
diff_addsfx                1558       1512       -46 (3.0%)   [PASS]
diff_P_SpawnMapThing       1140       1113       -27 (2.4%)   [PASS]
diff_cr_eob_read           1180       1158       -22 (1.9%)   [PASS]
------------------------------------------------------------------------------
GAUNTLET SUMMARY:
  * Suites Evaluated:          19
  * Bit-Exact Passes:          19/19
  * Semantic Divergences:      0
  * Total Assembly (Baseline): 89,522 lines
  * Total Assembly (Optimized):87,455 lines
  * Net Instructions Elided:   2,067 lines (2.31% net reduction)
==============================================================================
★ ALL 19 TEST SUITES BIT-EXACT & VERIFIED (EXIT 0) ★

=== Gate 4: QuickJS ES2020 Native Test Harness ===
===============================================================
  ZCC NATIVE QUICKJS ES2020 TEST HARNESS
===============================================================

--- Test Suite 1: Arithmetic & IEEE-754 Floats ---
  [PASS] 1 + 2 * 3 == 7
  [PASS] Math.hypot(3, 4) == 5
  [PASS] Math.sin(0) == 0
  [PASS] Math.PI > 3.14 && Math.PI < 3.15 == true
  [PASS] Number.MAX_SAFE_INTEGER.toString() == 9007199254740991

--- Test Suite 2: Objects, Arrays & JSON ---
  [PASS] JSON.stringify({ a: 42, b: 'hello' }) == {"a":42,"b":"hello"}
  [PASS] [1, 2, 3, 4, 5].map(x => x * x).reduce((a, b) => a + b, 0) == 55
  [PASS] ['apple', 'banana', 'cherry'].join('-') == apple-banana-cherry

--- Test Suite 3: Closures, Loops & Functions ---
  [PASS] (() => { let s = 0; for (let i = 1; i <= 10; i++) s += i; return s; })() == 55
  [PASS] function fib(n) { return n <= 1 ? n : fib(n-1) + fib(n-2); }; fib(10) == 55

--- Test Suite 4: RegExp & Strings ---
  [PASS] 'quickjs-2024'.replace(/([a-z]+)-([0-9]+)/, '$2-$1') == 2024-quickjs
  [PASS] /^[a-z0-9_]+$/i.test('zcc_2026') == true

--- Test Suite 5: ES6 Classes & Prototypes ---
  [PASS] class Point { constructor(x, y) { this.x = x; this.y = y; } norm2() { return this.x*this.x + this.y*this.y; } }; new Point(3, 4).norm2() == 25

--- Test Suite 6: Date & BigInt ---
  [PASS] new Date(0).toISOString() == 1970-01-01T00:00:00.000Z
  [PASS] (2n ** 64n).toString() == 18446744073709551616

===============================================================
  ALL QUICKJS TESTS PASSED CLEANLY! (Failures: 0)
===============================================================
