=== Checking Workspace Lexicons ===
python3 scripts/zcc_template_recognizer.py
[ZCC TEMPLATE RECOGNIZER] Scanning repository templates...

[RECOGNIZED & VALIDATED] templates/PLAYBOOK.md (Matches ZCC Protocol Signature)
[RECOGNIZED & VALIDATED] templates/COMMIT_TEMPLATE.md (Matches ZCC Protocol Signature)
[RECOGNIZED & VALIDATED] templates/GATE_CHECKLIST.md (Matches ZCC Protocol Signature)
[RECOGNIZED & VALIDATED] templates/FAULT_INJECTION_GUIDE.md (Matches ZCC Protocol Signature)
[RECOGNIZED & VALIDATED] templates/INCIDENT_REPORT.md (Matches ZCC Protocol Signature)

==================================================
[SUMMARY] 5 / 5 Templates Recognized & Validated
==================================================
# Tripwire: reject hand-edited zcc.c — parts are the source of truth.
# Bypass with: ZCC_MUTATION_SANDBOX=1 make zcc  (Oneirogenesis daemon)
# or:          touch .mutation_sandbox && make zcc
[TRIPWIRE-AUDIT-NOTICE] MUTATION SANDBOX BYPASS ACTIVE (Source parity tripwire bypassed)
cc -O0 -w -fno-asynchronous-unwind-tables -g0 -DZCC_REAL_TELEMETRY -Iinclude -I. -Dmain=zcc_main -o zcc zcc.c compiler_passes.c compiler_passes_ir.c ir_pass_manager.c ir_pass_warden.c ir_pass_taint.c ir_pass_healer.c ir_symbolic_cfg.c ir_dominance.c ir_ssa.c evm_lifter.c ir_vuln_tag.c ir_to_evm.c ir_evm_stack.c src/ir_lower_float.c src/x86_codegen_sse.c src/evm/decompiler.c src/evm/jit.c src/evm/symbolic.c src/evm/memory_v2.c src/evm/abi_extractor.c src/evm/jit_memory.c src/evm/proof_export.c src/evm/ipc_bridge.c src/evm/yul_weaver.c src/evm/yul_fixed_point.c src/evm/yul_frontend.c src/gfx/sdf_compiler.c src/gfx/mesh_warden.c src/evm/evm_symbolic_harness.c ir_telemetry.c zcc_telemetry.c src/zcc_oracle_substrate.c src/elf_emit.c src/codegen.c src/ir_serialization.c src/zcc_smt_prover.c src/gguf_emit.c src/zld.c src/zcc_resource_oracle.c transient_state.c zcc_lucky_alert_injector.c src/opt/ir_verify.c src/opt/zcc_ir_opt_helpers.c src/opt/instcombine_pass.c src/opt/instcombine_rules.c src/opt/instcombine_dispatch.c src/opt/sccp_pass.c src/opt/cfg_simplify_pass.c src/opt/clone_remap.c src/opt/loop_validator.c src/opt/loop_unroll_pass.c src/opt/inline_pass.c src/opt/pointer_ssa.c src/opt/prime_v2_regalloc_opt.c src/opt/q_licm_pass.c src/opt/cap_tripwire.c src/evm/evm2native_pass.c src/evm/evm2native_fuzzer.c src/zk/zk_air_trace.c src/zk/zk_witness_bridge.c src/zk/zk_stark_emit.c src/codegen/avxzkd_jit_x86.c src/engine/zcc_hyper_engine.c src/ai/bare_gguf_jit.c src/optics/optiqpu_emitter.c src/dynamic/oneiro_kernel.c src/crypto/fhe_encrypted_ssa.c src/crypto/lattice_guard.c src/concurrency/chrono_spec.c src/neuromorphic/zcc_neuromorphic.c src/vector/zcc_hyper_vector_db.c src/quantum/zcc_topological_qpu.c src/physics/zcc_celestial_nbody.c src/zk/zcc_pq_light_client.c src/security/zcc_enclave_seal.c src/wasm_emit.c src/arm64_codegen.c src/riscv_codegen.c src/win64_pe_emit.c src/quantum/zcc_qasm_parser.c src/quantum/zcc_qasm_sim.c src/quantum/zcc_qasm_opt.c src/quantum/zcc_qasm_c_emit.c src/quantum/zcc_qasm_clifford_t.c src/zcc_binary_vector_engine.c -lm -Wl,-s
=== [RUST-FFI-LAYOUT-001] Running 7-Gate Multi-Oracle Zero-Copy FFI Gauntlet ===
bash tests/run_rust_c_zero_copy_layout.sh
========================================================================
  ⚡ RUST-FFI-LAYOUT-001: MULTI-ORACLE ZERO-COPY FFI GAUNTLET
========================================================================
[*] Toolchain Provenance:
    -> GCC:   gcc (Ubuntu 13.3.0-6ubuntu2~24.04.1) 13.3.0
    -> Clang: Ubuntu clang version 18.1.3 (1ubuntu1)
    -> Rustc: rustc 1.75.0 (82e1608df 2023-12-21) (built from a source tarball)
    -> ZCC:   Usage: zcc <input.{c|rs}> [-o output] [options]
ZCC Native v4.0

[*] [GATE 1: MULTI-ORACLE LAYOUT VECTOR CONSENSUS]
GCC Oracle:   SIZE:48 ALIGN:8 OFFS:0,8,16,24,32,40
Clang Oracle: SIZE:48 ALIGN:8 OFFS:0,8,16,24,32,40
rustc Oracle: SIZE:48 ALIGN:8 OFFS:0,8,16,24,32,40
✓ All 3 Independent Host Oracles (GCC, Clang, rustc) in 100% Exact Agreement!

[*] [GATE 2: ZCC C-SIDE COMPILATION & ASM EMISSION]
zcc: warning: using synthesized header stub for stdio.h
pp_process_include: stdio.h added 175 macros, total is 212
zcc: warning: using synthesized header stub for stdlib.h
pp_process_include: stdlib.h added 0 macros, total is 212
zcc: warning: using synthesized header stub for string.h
pp_process_include: string.h added 0 macros, total is 212
zcc: warning: using synthesized header stub for stdint.h
pp_process_include: stdint.h added 0 macros, total is 212
zcc: warning: using synthesized header stub for stddef.h
pp_process_include: stddef.h added 0 macros, total is 212
zcc: warning: using synthesized header stub for assert.h
pp_process_include: assert.h added 0 macros, total is 212
zcc: warning: using synthesized header stub for stdint.h
pp_process_include: stdint.h added 0 macros, total is 213
zcc: warning: using synthesized header stub for stddef.h
pp_process_include: stddef.h added 0 macros, total is 213
pp_process_include: rust_c_zero_copy_layout.h added 1 macros, total is 213
[Phase 1] Lexical Array Bootstrap... OK
[Phase 2] AST Topological Generation... OK
[Phase 3] Native AST Constant Folding... OK
[Phase 4] SystemV ABI X86-64 Codegen... OK
[Phase 5] Native C Peephole Optimization... OK (171 elided)
[OK] ZCC Engine Compilation Terminated Successfully.
[+] ZCC C Frontend emitted /tmp/zcc_ffi_c.s successfully.

[*] [GATE 3: RUST COMPILATION & OBJECT EMISSION]
warning: unused imports: `align_of`, `size_of`
 --> /mnt/h/__DOWNLOADS/zcc_github_upload/tests/test_rust_c_zero_copy_layout.rs:1:16
  |
1 | use std::mem::{size_of, align_of};
  |                ^^^^^^^  ^^^^^^^^
  |
  = note: `#[warn(unused_imports)]` on by default

warning: 1 warning emitted

[+] rustc compiled librust_ffi.a static library successfully.

[*] [GATE 4: CROSS-TOOLCHAIN LINKAGE]
[+] Linked ZCC Assembly + Rust Staticlib -> /tmp/test_rust_c_gauntlet

[*] [GATE 5: EXECUTION OF BIDIRECTIONAL MUTATION & PADDING CANARIES]
========================================================================
[RUST-FFI-LAYOUT-001] BIDIRECTIONAL ZERO-COPY C & RUST GAUNTLET
========================================================================
[*] C Layout Vector: Size=48, Align=8, Offsets=[0,8,16,24,32,40]
[+] Direction 1 (C Alloc -> Rust Mutate -> C Verify): 100% VERIFIED
[+] Direction 2 (C Alloc -> C Populate -> Rust Verify): 100% VERIFIED
========================================================================
[+] RUST-FFI-LAYOUT-001 GAUNTLET PASSED: COMPLETE ZERO-COPY BIT-EXACT SEAL!
========================================================================

[*] [GATE 6: NEGATIVE CONTROL VERIFICATION]
========================================================================
[RUST-FFI-LAYOUT-001] BIDIRECTIONAL ZERO-COPY C & RUST GAUNTLET
========================================================================
[*] C Layout Vector: Size=48, Align=8, Offsets=[0,8,16,24,32,40]
[!] Executing Negative Control (Expecting Mismatch Rejection)...
[+] Negative Control Passed: Incompatible Layout Correctly Rejected by Rust Verifier with Error Code 11

========================================================================
  🏆 [RUST-FFI-LAYOUT-001] ALL 7 VERIFICATION GATES PASSED CLEAN!
========================================================================
RUST-FFI-LAYOUT-001 VERIFIED
=== Running Rust Frontend Smoke Gates ===
======================================================================
ZCC RUST FRONTEND SMOKE & INTEGRATION TEST HARNESS
======================================================================
[TEST  1] Rust Basic Return Value                      : PASS (Exit Code: 42)
[TEST  2] Rust Variable Assignment & Arithmetic        : PASS (Exit Code: 42)
[TEST  3] Rust Unary Arithmetic Negation (-x)          : PASS (Exit Code: 10)
[TEST  4] Rust Logical OR (||) Short-Circuit           : PASS (Exit Code: 99)
[TEST  5] Rust Logical AND (&&) Short-Circuit          : PASS (Exit Code: 77)
[TEST  6] Rust While Loop Counter                      : PASS (Exit Code: 45)
======================================================================
RUST FRONTEND RESULTS: 6 Passed, 0 Failed
======================================================================
RUST FRONT SMOKE VERIFIED
